[ INFO ] [Migrator] Starting prepare [database-id: mysql, migration: AuthService.CreateAuthUser]
[ INFO ] [Migrator] Finished prepare [database-id: mysql, migration: AuthService.CreateAuthUser]
[ NOTICE ] Server started on http://127.0.0.1:8081
[ INFO ] GET /validate [request-id: BC122AD1-1D99-4A6D-B038-CEBAFC7117EC]
[ INFO ] GET /auth/getToken [request-id: 04BA9266-A88A-43BE-9159-EB841729327D]
[ INFO ] GET /internal/auth/context [request-id: 585F18FE-0605-4512-A74F-D04DED56364F]
[ INFO ] GET /internal/auth/context [request-id: A08BF0B5-E28B-4127-ABFA-283B4BA3B5D3]
[ INFO ] GET /internal/auth/context [request-id: E44187C2-F6B6-4B3A-89B3-8CD04A89B2B6]
[ INFO ] GET /internal/auth/context [request-id: B785F600-7FD7-429B-9066-3E11F5266205]
[ INFO ] GET /internal/auth/context [request-id: 6F35463D-B621-424C-91D7-24DF2194906E]
[ INFO ] GET /internal/auth/context [request-id: 3EB8166B-A04A-43ED-9AE3-052685384353]
[ INFO ] GET /internal/auth/context [request-id: 8DBFC116-4CF9-4DCB-9C4F-254C1FC1637B]
[ INFO ] GET /internal/auth/context [request-id: 9D6E4F1F-CEBB-4FF7-A1EB-937ED70B2795]
[ INFO ] GET /internal/auth/context [request-id: D1F93F8A-478E-4996-8A8B-038314264D30]
[ INFO ] GET /internal/auth/context [request-id: 2E926878-1660-41CD-925F-69B68239628E]
[ INFO ] GET /internal/auth/context [request-id: 1F26AAA9-D2F1-4FAF-8192-AC921832F673]
[ INFO ] GET /internal/auth/context [request-id: 644B4B8F-415B-4232-96BE-BC600FBBC346]
[ INFO ] GET /internal/auth/context [request-id: FA7B5041-5FA7-41ED-B164-EBCCCF797114]
[ INFO ] GET /validate [request-id: 2A5068A0-4A33-4CEA-A381-7EDFA50093DE]
[ INFO ] GET /auth/getToken [request-id: 5BB27737-8141-4B06-8744-8A0BF4005586]
[ INFO ] GET /auth/refresh [request-id: 0AC14A67-D709-494E-A235-0BAD305F5693]
[ INFO ] POST /auth/changePasswordEmail [request-id: CD86A7FC-177E-440C-ACFD-0FBBCF1F5CE6]
Password reset code for user@lock.local: erhkdspd
[ INFO ] POST /auth/changePassword [request-id: 3EF90C6A-E22B-4CF0-8611-BE552D9570D9]
[ INFO ] GET /internal/auth/context [request-id: 09E79369-A5BC-4A6D-A1E6-DC60772DF1BF]
[ INFO ] GET /internal/auth/context [request-id: 649B26C3-8CF1-4DE2-AFF0-0FE93220AECD]
[ INFO ] GET /internal/auth/context [request-id: D4F156F0-57A9-4763-8A66-DD35AF72B89B]
[ INFO ] GET /internal/auth/context [request-id: FDE83D60-4EF9-4ECF-894C-29667C419B19]
[ INFO ] GET /auth/getToken [request-id: F20170A3-F417-45C3-A205-574364266CFD]
[ INFO ] GET /auth/getToken [request-id: 212A07BA-44DE-42E9-B829-863B2282C56D]
[ INFO ] GET /internal/auth/context [request-id: 6D430627-0E11-4FF0-9609-37B0521661A4]
[ INFO ] GET /internal/auth/context [request-id: DE31D6A6-E8B6-4CAA-BAC2-E284578C6DA1]
[ INFO ] GET /internal/auth/context [request-id: CD377C7A-0C2A-4F0F-886A-98F4B93ED047]
[ INFO ] POST /internal/auth/users [request-id: B8B7EA6D-E31E-4F0D-A40D-094EB9E40A6F]
Welcome password for new.user.1777201053@lock.local: a0ow3b2v
[ INFO ] GET /internal/auth/context [request-id: E910DD14-8FBD-43F0-951B-7A91296E411C]
[ INFO ] GET /internal/auth/context [request-id: 0BAA7E55-A964-4E75-A8C9-9E551006F6CD]
[ INFO ] GET /internal/auth/context [request-id: 3E938C52-1173-4C9B-AA23-F4EEACD7DCB2]
[ INFO ] DELETE /internal/auth/users/A647AB66-436D-4CE5-8C2E-5E440D8FDE1E [request-id: C3AC62D6-DF7F-4B9C-94AC-8F0C0A4E1536]
[ INFO ] GET /auth/getToken [request-id: 1F126BFB-A753-4204-AB66-38FFDFC2FAF0]
[ INFO ] GET /internal/auth/context [request-id: 0469286F-BCAA-4FDE-909F-8FA78D50F146]
[ INFO ] GET /internal/auth/context [request-id: D8662810-0840-40C3-B80F-2D665EC08E98]
[ INFO ] GET /internal/auth/context [request-id: 6BB0D920-E1B3-4BE0-ACC5-7BAB039B01DD]
[ INFO ] GET /internal/auth/context [request-id: 13C00B12-7E26-43DB-B17D-33752AD5DEE1]
[ INFO ] GET /internal/auth/context [request-id: 2802CB81-0D73-4C3F-92C8-7961354312E7]
[ INFO ] GET /internal/auth/context [request-id: B159520C-33CC-45D0-9608-A2A3D2FE2156]
[ INFO ] GET /internal/auth/context [request-id: 6B794EC5-7208-47CD-ABD2-A0BF23884065]
[ INFO ] GET /internal/auth/context [request-id: B4A67DB1-BE8E-492B-98C3-D948DE6291AC]
[ INFO ] GET /internal/auth/context [request-id: B8B99018-37CB-4E90-AA1C-30A30BF0CF88]
[ INFO ] GET /internal/auth/context [request-id: 6D6116CC-D39B-42AC-942B-0FF5A65545A0]
[ INFO ] GET /internal/auth/context [request-id: 1980FE3E-6587-4381-9806-A44E17809574]
[ INFO ] GET /internal/auth/context [request-id: 43DD8016-FA1C-4916-917A-97396FFCC8E2]
[ INFO ] GET /internal/auth/context [request-id: C7A453C2-5645-40F0-A028-6240186C5BC3]
[ INFO ] GET /internal/auth/context [request-id: 42B7EA6D-AB26-4BF9-BF88-13E10513F556]
[ INFO ] GET /internal/auth/context [request-id: BC7C0306-1DE8-4A8C-B97F-85E6E76D96EE]
[ INFO ] GET /internal/auth/context [request-id: 93B30309-1546-453E-8423-E549C36E73D4]
[ INFO ] GET /internal/auth/context [request-id: 58D9C57F-868C-45D8-BF4E-5B17D90A5D94]
[ INFO ] GET /internal/auth/context [request-id: 6508CB0A-FC10-4B84-B2A4-E4763630F980]
[ INFO ] GET /internal/auth/context [request-id: EC314C6E-4515-4A24-9A18-376A749C423C]
[ INFO ] GET /internal/auth/context [request-id: 16546E7C-2CF9-48AB-96F1-6136F97F51F0]
[ INFO ] GET /internal/auth/context [request-id: 29DEFBDD-83E0-4D77-9A69-5C452FCC9B2E]
[ INFO ] GET /internal/auth/context [request-id: 8258AFDF-ED09-452C-BF21-A36A784FF198]
[ INFO ] GET /internal/auth/context [request-id: 9EFAC5A3-8B1F-47DF-B451-C511CAC85955]
[ INFO ] GET /internal/auth/context [request-id: 2CD27410-A475-49E4-8BF9-21EFFF5BDB56]
[ INFO ] GET /internal/auth/context [request-id: 4A2EB3C3-1C8F-4F24-8B2B-1E40511AA0C6]
[ INFO ] GET /internal/auth/context [request-id: 7D118E5F-3F79-4726-BB97-5A0A93706D52]
[ INFO ] GET /internal/auth/context [request-id: FBC75AF2-234D-44E5-9B7E-9F4BE0A3E267]
[ INFO ] GET /internal/auth/context [request-id: EE8225E9-0FD4-42F7-9221-BD88636ED253]
[ INFO ] GET /internal/auth/context [request-id: 1A04C877-50ED-4404-AB38-5F3C6D3BDEC7]
[ INFO ] GET /internal/auth/context [request-id: B624FB8D-60BA-41AD-B5AA-BF08A5E90289]
[ INFO ] GET /internal/auth/context [request-id: 567F44B3-6C14-4887-BA59-FF42038FBD5D]
[ INFO ] GET /internal/auth/context [request-id: 6B5FEBC6-29B1-413C-BF4D-6E1E37EA0AD7]
[ INFO ] GET /internal/auth/context [request-id: D3BD5C90-12E2-4ED5-A48F-E6D074D34039]
[ INFO ] GET /internal/auth/context [request-id: 0CE6287D-AAA2-4E82-9D0C-FAD0AE2B069D]
[ INFO ] GET /internal/auth/context [request-id: 71B58EC9-C582-4B4E-B08C-84A80108A75C]
[ INFO ] GET /validate [request-id: E516BB76-4E86-48A9-B915-318D953CA065]
[ INFO ] GET /auth/getToken [request-id: 7C35F40D-15A2-4726-B2ED-1256C066BB28]
[ INFO ] GET /auth/refresh [request-id: 3793C540-524C-46BD-AD27-42E465CA22CC]
[ INFO ] POST /auth/changePasswordEmail [request-id: 2275D444-A1D6-46FB-96D0-66C9654AA14F]
Password reset code for user@lock.local: lihwoavc
[ INFO ] POST /auth/changePassword [request-id: 213299A7-ACC8-4089-B22A-46791CA57B45]
[ INFO ] GET /internal/auth/context [request-id: 99050BC6-E08F-4181-AD43-AD81874F6686]
[ INFO ] GET /internal/auth/context [request-id: 401918B2-376D-4B76-8ED9-216E349982A3]
[ INFO ] GET /internal/auth/context [request-id: 07D4BF26-CA68-4B16-A873-A836C50D10FC]
[ INFO ] GET /internal/auth/context [request-id: 65C7755E-3ED7-449C-9358-26B4457C7B4D]
[ INFO ] GET /auth/getToken [request-id: A2721DEB-A860-4DEC-B2A8-E8686509178E]
[ INFO ] GET /auth/getToken [request-id: DEC6AE9F-A6E2-4E24-B983-537DC2695E2D]
[ INFO ] GET /internal/auth/context [request-id: DE23D335-24A1-4CE4-96ED-A2FA2292609E]
[ INFO ] GET /internal/auth/context [request-id: C6D01E57-D60E-4965-B894-BD500F25EA38]
[ INFO ] GET /internal/auth/context [request-id: 25DC5010-C6BE-40D8-A0D6-CFEE9EC94CC0]
[ INFO ] POST /internal/auth/users [request-id: F96E62FF-0B3D-4532-B736-2DF7D0666C50]
Welcome password for new.user.1777201072@lock.local: 29hpasg5
[ INFO ] GET /internal/auth/context [request-id: 8ED4756D-24AE-4025-A548-37584DF9D4EE]
[ INFO ] GET /internal/auth/context [request-id: 45153322-4AC8-4D30-8A06-71162EEE7313]
[ INFO ] GET /internal/auth/context [request-id: BCAC7C38-2CF8-472E-A492-E08D7339F2F2]
[ INFO ] DELETE /internal/auth/users/025F0757-18FE-47DB-8A37-1AEEC8FC11C2 [request-id: C93C2FA1-B954-4F69-AAD6-B4817F06D200]
[ INFO ] GET /auth/getToken [request-id: 2C4FB6CD-9932-428D-90F8-39290A9BD0D2]
[ INFO ] GET /internal/auth/context [request-id: 6A1F6B0E-9760-4E06-B176-142E3EE9525C]
[ INFO ] GET /internal/auth/context [request-id: 99CDF211-2CCF-4BB6-BB16-C92E83F45B96]
[ INFO ] GET /internal/auth/context [request-id: B23B8DE3-EFE3-49D7-A544-768D20B959A5]
[ INFO ] GET /internal/auth/context [request-id: 15B20A09-3967-4310-BAD2-859D2D04E960]
[ INFO ] GET /internal/auth/context [request-id: 1D89B2E7-137B-4E27-B1AF-979412F6CE6C]
[ INFO ] GET /internal/auth/context [request-id: 88E3006C-C530-477A-A7F9-A7DBD43EA94F]
[ INFO ] GET /internal/auth/context [request-id: 6EDE5803-DB02-426E-9882-0BC5077B49EA]
[ INFO ] GET /internal/auth/context [request-id: B2025F0C-EE1D-4678-BE20-61AECC63BCA8]
[ INFO ] GET /internal/auth/context [request-id: 5AA8E4E9-22E7-42B5-BBD9-E96DA4C11908]
[ INFO ] GET /internal/auth/context [request-id: 1EEFAD29-C90A-4A3B-9C5F-6E0887F8BC91]
[ INFO ] GET /internal/auth/context [request-id: ECB86259-A506-489F-897E-BBAD54E20771]
[ INFO ] GET /internal/auth/context [request-id: A8E9D36E-ACC4-49EE-A292-8C32FE21B4D2]
[ INFO ] GET /internal/auth/context [request-id: A169F866-8B8C-4D68-B235-541848F64CFA]
[ INFO ] GET /internal/auth/context [request-id: BFDA7327-20BC-498A-BABB-1E910886E322]
[ INFO ] GET /internal/auth/context [request-id: 8AE3B58D-60A7-4B97-A738-3B0E0CFE949E]
[ INFO ] GET /internal/auth/context [request-id: 35AD1F81-3E15-4DDD-B0E3-69BD95FF16E6]
[ INFO ] GET /internal/auth/context [request-id: CF579138-4157-4ACE-A953-143211D66036]
[ INFO ] GET /internal/auth/context [request-id: 395C0AC7-ED8E-47B5-B6D4-9A7DF35E9A2D]
[ INFO ] GET /internal/auth/context [request-id: 55FA83F3-7200-40D8-AF1E-EDEF85598D91]
[ INFO ] GET /internal/auth/context [request-id: A3CE0540-9263-4C4F-8EEC-5D9B824B1375]
[ INFO ] GET /internal/auth/context [request-id: C8B7E043-CCEB-4EBD-8C4A-4B3A558C80A4]
[ INFO ] GET /internal/auth/context [request-id: 4241B747-F664-46BF-8A24-68FE14B37539]
[ INFO ] GET /internal/auth/context [request-id: E728AD98-D709-4EB9-B60D-722A447E6366]
[ INFO ] GET /internal/auth/context [request-id: 41452EEF-71E6-4706-A00B-C16676CF8F0A]
[ INFO ] GET /internal/auth/context [request-id: 864022C0-E03C-408E-8D64-4CAA91147DE5]
[ INFO ] GET /internal/auth/context [request-id: 7D3C1EF1-C3B7-4ACB-A52C-0815339B30D0]
[ INFO ] GET /internal/auth/context [request-id: 5626E422-A856-49B3-9321-4AA0DC318CC3]
[ INFO ] GET /internal/auth/context [request-id: 10E084A5-E74E-43FA-BAF2-B1DE7C2683E2]
[ INFO ] GET /internal/auth/context [request-id: 8A9D1FD8-2720-4EB9-9189-D94EAE66037F]
[ INFO ] GET /internal/auth/context [request-id: 1C3DCC6E-1CBF-43EA-ADAE-B9A5C192E40D]
[ INFO ] GET /internal/auth/context [request-id: F9F2E7D3-4A6B-4994-B719-B7CA568C4B2D]
[ INFO ] GET /internal/auth/context [request-id: E51E0B10-6570-462F-965F-C2D5C0219DE3]
[ INFO ] GET /internal/auth/context [request-id: 2BD131DB-6F37-47D9-B538-EA85D326221C]
[ INFO ] GET /internal/auth/context [request-id: 69FEB2C8-40D2-489C-A9B2-61ECCC708501]
[ INFO ] GET /internal/auth/context [request-id: EA83F697-46DD-40DE-BAB4-A9C8190240C5]
[ INFO ] GET /auth/getToken [request-id: 98868104-1FAC-4786-99BC-D0BBF175F4B9]
[ INFO ] GET /internal/auth/context [request-id: 821464CB-8821-4E16-8AE5-7ABFE54A8622]
[ INFO ] GET /auth/getToken [request-id: 8CE3B25C-ECF9-4232-B2FB-3CB4B53B7295]
[ INFO ] GET /internal/auth/context [request-id: 3B5661E5-10B0-4E63-AE1E-6B7B69F25F20]
[ INFO ] GET /auth/getToken [request-id: 0A1D182C-FEDF-41B0-AE70-2329248674F3]
[ INFO ] GET /internal/auth/context [request-id: F05B3AFA-F189-4F24-B9AA-8E3D9AD4506F]
[ INFO ] GET /auth/getToken [request-id: 201543C4-482D-420F-93F9-FEED5D0FB2F2]
[ INFO ] GET /internal/auth/context [request-id: 4688C937-EEFF-4BCA-8F61-DA1C9C5ADFDA]
[ INFO ] GET /auth/getToken [request-id: 88C29078-9F3A-44A8-9DD9-FDEB47A5F0AF]
[ INFO ] GET /internal/auth/context [request-id: B68D0996-AD6F-48BE-89A1-38B5089FF6FD]
[ INFO ] GET /auth/getToken [request-id: 291DD8BA-7FB8-40C6-A18C-FF3E812B819A]
[ INFO ] GET /internal/auth/context [request-id: E77C8F9D-3D94-4691-9039-7805259E5C95]
[ INFO ] GET /auth/getToken [request-id: 82D12ED4-DD5D-424B-A3FA-9FE9F068BFE2]
[ INFO ] GET /internal/auth/context [request-id: B2E6BDE5-DF36-4F1E-BCEA-538FE5459A3A]
[ INFO ] GET /validate [request-id: 18F8026D-0D5E-4FB4-8E01-292D23FDE1EB]
[ INFO ] GET /auth/getToken [request-id: 6EC40A82-DD7B-4E75-A0AF-F6246954EBEF]
[ INFO ] GET /auth/refresh [request-id: D644364A-69B3-4685-AC18-63C11F89B08E]
[ INFO ] POST /auth/changePasswordEmail [request-id: 49C4CB38-9EC1-4B4F-A0B3-35A7DAC9EE98]
Password reset code for user@lock.local: jgjfhfev
[ INFO ] POST /auth/changePassword [request-id: DF6AD75A-1285-4F72-924C-F4FAF6A73CBE]
[ INFO ] GET /internal/auth/context [request-id: 4D225E15-50F9-435E-AE84-8183E13DA69B]
[ INFO ] GET /internal/auth/context [request-id: 86784BAB-AD20-43A9-A0C1-21656FBB2BF7]
[ INFO ] GET /internal/auth/context [request-id: 87DC770D-B78A-4A21-B09F-005E7A59350D]
[ INFO ] GET /internal/auth/context [request-id: 2537C98C-0694-4556-96AB-5468C9B96779]
[ INFO ] GET /auth/getToken [request-id: 5C1DAE8D-F25D-4F88-93DF-60F9459EB179]
[ INFO ] GET /auth/getToken [request-id: 4811CEE3-13F1-439F-BD76-E5F28DF0715D]
[ INFO ] GET /internal/auth/context [request-id: 9C1D76A1-48C8-4714-A188-A9E1A5C4DE23]
[ INFO ] GET /internal/auth/context [request-id: 0CFAAC86-01EA-4A6F-BC50-6B008E493577]
[ INFO ] GET /internal/auth/context [request-id: AFD8A6DC-9773-4F63-9E79-FD69DAFFBECE]
[ INFO ] POST /internal/auth/users [request-id: 1DF07641-3D2D-490A-B05A-FDBD396864EF]
Welcome password for new.user.1777201280@lock.local: wmd1it7c
[ INFO ] GET /internal/auth/context [request-id: 236D188E-6066-4C1C-A324-6F3CA21778DE]
[ INFO ] GET /internal/auth/context [request-id: 043C3208-47C0-4846-ABB3-8B40EFC49A60]
[ INFO ] GET /internal/auth/context [request-id: 1F41E1FC-6A8E-414E-A905-1FE64DAF54B8]
[ INFO ] DELETE /internal/auth/users/23F52149-5BD4-43F5-957F-3A8BB8A44040 [request-id: EB7D072A-7597-4647-BCA3-8FFDD4AD6AE7]
[ INFO ] GET /auth/getToken [request-id: 745FA7F3-2D39-435F-AFEF-BACADC8440EC]
[ INFO ] GET /internal/auth/context [request-id: 093C0730-05F5-44B8-8447-7B6B91BE1C96]
[ INFO ] GET /internal/auth/context [request-id: 8C7B13E4-13A2-4192-A370-71BF4F908B2C]
[ INFO ] GET /internal/auth/context [request-id: 067DF2C9-101B-41C0-9FB4-54A4DE3AE276]
[ INFO ] GET /internal/auth/context [request-id: 838B15AA-BBB9-4443-A9B3-7DFF712B9A96]
[ INFO ] GET /internal/auth/context [request-id: 0B641C7D-FA55-4C5D-BBC4-1661BF223E11]
[ INFO ] GET /internal/auth/context [request-id: D33C563A-764A-47FB-8FC4-0FA3EFA15A75]
[ INFO ] GET /internal/auth/context [request-id: E77215D2-ECEB-4E15-B1FE-171411214F99]
[ INFO ] GET /internal/auth/context [request-id: 5B13C0C4-7497-4E8C-AA3E-9CB00FB7501D]
[ INFO ] GET /internal/auth/context [request-id: 2367394D-1503-438A-BE7F-9B08809568D4]
[ INFO ] GET /internal/auth/context [request-id: 5E1B2AE9-1BD3-49EC-BF19-92494F387F36]
[ INFO ] GET /internal/auth/context [request-id: 8D5338F5-D9E7-4DF1-B4D4-768C363D88D4]
[ INFO ] GET /internal/auth/context [request-id: A90E5997-B877-4D25-9713-4F8279A714EF]
[ INFO ] GET /internal/auth/context [request-id: 6A7AFF72-BAF2-40EC-A5CA-C30E410729AF]
[ INFO ] GET /internal/auth/context [request-id: B4116A03-0FC5-4DE1-B76F-00FBD31D71D6]
[ INFO ] GET /internal/auth/context [request-id: 6EE30F2F-D493-48EC-BF6F-80517F257DE4]
[ INFO ] GET /internal/auth/context [request-id: 5ABE7076-EBC1-4F2E-88DA-1F0AF2F7412E]
[ INFO ] GET /internal/auth/context [request-id: 8B25F69B-1693-4676-AB5F-BADB6CC035C2]
[ INFO ] GET /internal/auth/context [request-id: 0AC0F01B-D5E4-4189-968C-5EB8885354F1]
[ INFO ] GET /internal/auth/context [request-id: 31B8E837-F2C3-4E62-BC6A-E2D9F57CD9A5]
[ INFO ] GET /internal/auth/context [request-id: E94EDE9D-E08B-44EA-85FD-7D2139D858A6]
[ INFO ] GET /internal/auth/context [request-id: ACA052E0-BB47-4E0C-8A56-9C1BC672B245]
[ INFO ] GET /internal/auth/context [request-id: 96D5B20A-E5E0-4977-A854-923D63A8417C]
[ INFO ] GET /internal/auth/context [request-id: 8B971A76-B299-41CC-9743-E03575D6B2FF]
[ INFO ] GET /internal/auth/context [request-id: C5D1E42C-74A8-4CF2-9278-4839B18E2F3F]
[ INFO ] GET /internal/auth/context [request-id: 0C12A18E-AEF0-4850-B443-65633415F74A]
[ INFO ] GET /internal/auth/context [request-id: 7E976B69-B533-491D-8A3B-4B58DD17735F]
[ INFO ] GET /internal/auth/context [request-id: A710158C-1227-4A0A-A6C1-E5AD84753F38]
[ INFO ] GET /internal/auth/context [request-id: 727D2E54-3C27-4FB9-B38B-1D0CCDF81BD5]
[ INFO ] GET /internal/auth/context [request-id: E0AFD8FB-DBF6-4436-97A9-7DA1D20BCF74]
[ INFO ] GET /internal/auth/context [request-id: FDB3632E-3688-45BB-8C0C-0790DC7C3B17]
[ INFO ] GET /internal/auth/context [request-id: 6BD1892A-14E7-419F-BD81-DF43A60A3344]
[ INFO ] GET /internal/auth/context [request-id: 95BB9679-9EC8-46FF-B615-B7E59FB82362]
[ INFO ] GET /internal/auth/context [request-id: D834C0B7-62CE-4DF2-9B4A-10EC243D6B00]
[ INFO ] GET /internal/auth/context [request-id: A05056FC-0D71-4DA2-A0E8-EF2E8D7061F5]
[ INFO ] GET /internal/auth/context [request-id: 7021BBE0-F22D-4860-915B-7093FB51881C]
[ INFO ] GET /internal/auth/context [request-id: C0A4B4EC-3F90-4849-B57C-C3E6D4734E51]
[ INFO ] GET /internal/auth/context [request-id: 25F3CF05-C06F-4224-B605-735144A592F8]
[ INFO ] GET /internal/auth/context [request-id: F4480261-9DAC-48F7-B41D-682B02C4054A]
[ INFO ] GET /internal/auth/context [request-id: D0064012-BA14-4B2B-9CD2-0D8ACCD353DE]
[ INFO ] GET /internal/auth/context [request-id: 8FF21233-6C60-4494-A78C-2790AF5451BA]
[ INFO ] GET /internal/auth/context [request-id: 255ABD3F-CDDA-4275-ACA5-EC1F57F9780B]
[ INFO ] GET /internal/auth/context [request-id: 32C2F9D0-9E1B-4C4B-9840-61B89AE654C6]
[ INFO ] GET /internal/auth/context [request-id: FD293934-1B98-4E6F-90F4-8E932D62D953]
[ INFO ] GET /internal/auth/context [request-id: 072770AA-51EA-4C53-8EB5-69F63D46983C]
[ INFO ] GET /internal/auth/context [request-id: 1CBEEA10-D1AC-4934-A414-CC58D0A1BEB3]
[ INFO ] GET /internal/auth/context [request-id: 57CBF4AA-83C1-4A87-B082-AADBC04ED084]
[ INFO ] GET /internal/auth/context [request-id: C48E98CC-B08E-4FBA-B55C-20C1AB446FB1]
