[ INFO ] [Migrator] Starting prepare [database-id: mysql, migration: ExternalContextService.CreateExternalContextCache]
[ INFO ] [Migrator] Finished prepare [database-id: mysql, migration: ExternalContextService.CreateExternalContextCache]
[ NOTICE ] Server started on http://127.0.0.1:8086
[ INFO ] GET /validate [request-id: 58469CED-D51E-48A5-8FF7-EB10530475E0]
[ INFO ] GET /internal/external-context/2026-04-06 [request-id: C86BAAFC-6AEA-4D6C-BA41-F4E295D31280]
[ INFO ] GET /internal/external-context/2026-04-06 [request-id: 2849C7D8-8B9C-4C4E-BD23-602A4C89EEC6]
[ INFO ] GET /internal/external-context/2026-04-06 [request-id: 116F868A-F1A6-4354-984C-446F3F714865]
[ INFO ] GET /internal/external-context/2026-04-06 [request-id: A42705AE-0A60-4769-899B-95FC2BDE1CE4]
[ INFO ] GET /internal/external-context/2026-04-06 [request-id: 588C8AC0-DE29-4D40-8374-C24007FD8395]
[ INFO ] GET /internal/external-context/2026-04-06 [request-id: 4E098B23-C2EE-4A38-945D-4E717DD2A346]
[ INFO ] GET /internal/external-context/2026-04-06 [request-id: 2650161F-BC9C-489B-8CD4-AD107BC6A28F]
[ INFO ] GET /internal/external-context/2026-04-07 [request-id: CC7CF219-9E01-42E9-A434-21C099209BC8]
[ INFO ] GET /internal/external-context/2026-04-07 [request-id: EF19D949-D3EF-452B-AA04-BDC127FA5222]
[ INFO ] GET /internal/external-context/2026-04-07 [request-id: 1A0D9572-E80C-4CF6-8E35-C4E5FF5D8129]
[ INFO ] GET /internal/external-context/2026-04-07 [request-id: A82BC759-54EC-473F-B7F6-B6DB7BAEC41B]
[ INFO ] GET /internal/external-context/2026-04-07 [request-id: 3BBDDB95-CF2D-43FB-AE0F-6A6E2CFAD498]
[ INFO ] GET /internal/external-context/2026-04-07 [request-id: 2F6696DB-330B-4650-A0E1-71D70B3B0F8B]
[ INFO ] GET /internal/external-context/2026-04-07 [request-id: 5BEE9BE9-9464-41BF-ADE0-EB0EDAC03944]
[ INFO ] GET /internal/external-context/2026-04-08 [request-id: EEC14B0E-9DB5-421C-8FD6-2548E89DDC6B]
[ INFO ] GET /internal/external-context/2026-04-08 [request-id: 8873B742-EBC4-44B2-B427-90196DC82F49]
[ INFO ] GET /internal/external-context/2026-04-08 [request-id: 55160D6E-C87E-41C1-9F92-2313C292037A]
[ INFO ] GET /internal/external-context/2026-04-08 [request-id: 34DDC49E-A814-4128-A784-F4E7571BB686]
[ INFO ] GET /internal/external-context/2026-04-08 [request-id: 5D585E2E-A112-4858-952C-1FDA53BC7FBA]
[ INFO ] GET /internal/external-context/2026-04-08 [request-id: 475B665B-34B9-449A-B61E-1450F5CDB05B]
[ INFO ] GET /internal/external-context/2026-04-08 [request-id: 15F89974-89F1-4831-B84A-4A0F1AD9EA2E]
[ INFO ] GET /internal/external-context/2026-04-09 [request-id: 55BFDC17-0642-4277-B9A2-77A8387787A6]
[ INFO ] GET /internal/external-context/2026-04-09 [request-id: 88E9382A-DBEA-4F36-9577-CCC824D5607A]
[ INFO ] GET /internal/external-context/2026-04-09 [request-id: ADFC1F41-8FD5-42CA-9EC8-70962B1CCBE1]
[ INFO ] GET /internal/external-context/2026-04-09 [request-id: 47543C9C-12EE-4FA1-A311-8F00C920AB67]
[ INFO ] GET /internal/external-context/2026-04-09 [request-id: 49D8B55E-27E7-48B2-B463-9D8ECA0675FA]
[ INFO ] GET /internal/external-context/2026-04-09 [request-id: C4A34E42-0851-40B3-849A-8A51CC0CEB82]
[ INFO ] GET /internal/external-context/2026-04-09 [request-id: 3451B902-76BC-4303-A35A-3861761B6A08]
[ INFO ] GET /internal/external-context/2026-04-10 [request-id: 95D8970C-C55C-4F6E-A443-24B4390899D1]
[ INFO ] GET /internal/external-context/2026-04-10 [request-id: 43C6D0CE-BDF8-4D4B-8A38-67116FC712AE]
[ INFO ] GET /internal/external-context/2026-04-10 [request-id: 1271348B-CC5C-4D6E-A542-E235E5FA95BD]
[ INFO ] GET /internal/external-context/2026-04-10 [request-id: DDA8E011-13F9-4D1A-A140-7D23DB2EADC1]
[ INFO ] GET /internal/external-context/2026-04-10 [request-id: C00B1E81-B3F8-456B-9E24-4C476CF52E9A]
[ INFO ] GET /internal/external-context/2026-04-10 [request-id: 3BC40256-E256-4F46-BBD5-3E174868E61E]
[ INFO ] GET /internal/external-context/2026-04-10 [request-id: 57F4F6F9-F094-4991-BD2E-1C809D316FFC]
[ INFO ] GET /internal/external-context/2026-04-13 [request-id: 28A62E53-5B71-4411-BDC5-905DFFD96708]
[ INFO ] GET /internal/external-context/2026-04-13 [request-id: 1FC1D7E8-9DC0-41A2-BFDD-468F5A74FC22]
[ INFO ] GET /internal/external-context/2026-04-13 [request-id: 931F1FDA-58A0-474C-A0EF-19583B4C221F]
[ INFO ] GET /internal/external-context/2026-04-13 [request-id: 57754B65-7976-403F-BD4C-5E9B96382AAA]
[ INFO ] GET /internal/external-context/2026-04-13 [request-id: 79132D18-B1CC-4F52-A33D-3CC8B26C2125]
[ INFO ] GET /internal/external-context/2026-04-13 [request-id: 36F53A46-A414-414F-A993-3CE602DE7AA3]
[ INFO ] GET /internal/external-context/2026-04-13 [request-id: AC3167EC-D5AC-4A3E-85EC-09ECC3011CB8]
[ INFO ] GET /internal/external-context/2026-04-14 [request-id: 562E4F27-759B-400B-BFF6-327E4AF03898]
[ INFO ] GET /internal/external-context/2026-04-14 [request-id: 2ED8D65F-BF39-4254-A815-95318DBF45EF]
[ INFO ] GET /internal/external-context/2026-04-14 [request-id: F3BE2795-CBE3-4671-A213-64A041320EF5]
[ INFO ] GET /internal/external-context/2026-04-14 [request-id: 4DDF3A42-8212-40B3-B5B8-EA882F35D2CA]
[ INFO ] GET /internal/external-context/2026-04-14 [request-id: 1EB50F09-282D-46F2-AE2C-5AC2647976E6]
[ INFO ] GET /internal/external-context/2026-04-14 [request-id: 173D3EBE-C39F-48DE-9CC4-AF1DE88BB759]
[ INFO ] GET /internal/external-context/2026-04-14 [request-id: 025A9BDB-59DD-490D-8B8B-C7EA79EF97F4]
[ INFO ] GET /internal/external-context/2026-04-15 [request-id: 0FF859DE-31CA-46EB-80A5-C48B806E8FF4]
[ INFO ] GET /internal/external-context/2026-04-15 [request-id: D1B8F133-0928-40D7-9F70-5C891093449C]
[ INFO ] GET /internal/external-context/2026-04-15 [request-id: D08A3CF5-DB63-489C-8AC3-C0823D3759F1]
[ INFO ] GET /internal/external-context/2026-04-15 [request-id: B006BC88-2202-4604-8DF1-44461C2CBD3E]
[ INFO ] GET /internal/external-context/2026-04-15 [request-id: 0CB72B58-BC36-41B3-B2B5-6446E18DA4D6]
[ INFO ] GET /internal/external-context/2026-04-15 [request-id: 09E3BF82-0469-473F-8E76-B23DF3BAEC55]
[ INFO ] GET /internal/external-context/2026-04-15 [request-id: 924B0B24-082E-47DB-82F8-77D3882FB3A4]
[ INFO ] GET /internal/external-context/2026-04-16 [request-id: C3F8D86A-4333-43C2-AD76-B31DD58BE081]
[ INFO ] GET /internal/external-context/2026-04-16 [request-id: 4429C8B2-2652-470C-921D-6B272DFA8CCF]
[ INFO ] GET /internal/external-context/2026-04-16 [request-id: 8459EE81-E8F1-47F4-BBDB-180FCF65861A]
[ INFO ] GET /internal/external-context/2026-04-16 [request-id: EAC86AA7-C45F-4CAF-970E-34290943226E]
[ INFO ] GET /internal/external-context/2026-04-16 [request-id: 5538BF36-552A-4B7F-B88C-D58E51379FCD]
[ INFO ] GET /internal/external-context/2026-04-16 [request-id: 2A5EC894-6B51-4FAB-AE8C-02902D202EE2]
[ INFO ] GET /internal/external-context/2026-04-16 [request-id: 3ABB6D0B-0EAD-4E14-A985-7E94C39F0EB1]
[ INFO ] GET /internal/external-context/2026-04-17 [request-id: D6AE7A50-FB72-468F-B6F7-33D12EA05C26]
[ INFO ] GET /internal/external-context/2026-04-17 [request-id: 39937AE1-D237-49AD-9366-7CC9C11FB47B]
[ INFO ] GET /internal/external-context/2026-04-17 [request-id: DEE56AFD-BDEC-405D-8A82-1CC8B8FF6FE4]
[ INFO ] GET /internal/external-context/2026-04-17 [request-id: F62B81A1-028D-462D-872E-CE5F5C8F10C1]
[ INFO ] GET /internal/external-context/2026-04-17 [request-id: 311CC906-B86C-4757-BA8D-E636B3057ADC]
[ INFO ] GET /internal/external-context/2026-04-17 [request-id: FE25873E-BFC9-4A4A-8E5D-F101FE48B415]
[ INFO ] GET /internal/external-context/2026-04-17 [request-id: 09964A47-7F84-483A-AE29-EEA9167D1CE2]
[ INFO ] GET /internal/external-context/2026-04-20 [request-id: AF19D386-D0ED-4F3C-9163-78580F6362FD]
[ INFO ] GET /internal/external-context/2026-04-20 [request-id: E4660C23-0D7E-410B-84A6-73CFEF1ABE83]
[ INFO ] GET /internal/external-context/2026-04-20 [request-id: 879DE1B7-CB00-45BC-8F10-612B5F4A020F]
[ INFO ] GET /internal/external-context/2026-04-20 [request-id: 0FE17BA1-70B5-47A2-A36F-C13931C6DC7D]
[ INFO ] GET /internal/external-context/2026-04-20 [request-id: 785A2921-40D6-4E6B-881E-A080BD1ACEEE]
[ INFO ] GET /internal/external-context/2026-04-20 [request-id: 30011C64-F754-48D4-ABFB-F115F9FBA157]
[ INFO ] GET /internal/external-context/2026-04-20 [request-id: 436924F7-F4E8-4BC5-840D-35DA802D04EC]
[ INFO ] GET /internal/external-context/2026-04-21 [request-id: 62AB1B16-AC9C-40B4-BBF9-3D686F53C96A]
[ INFO ] GET /internal/external-context/2026-04-21 [request-id: A28BC862-E282-4178-BB71-8DEDCDB16FE8]
[ INFO ] GET /internal/external-context/2026-04-21 [request-id: B91C18DC-5752-4BF5-B006-8F2D8CD43DF1]
[ INFO ] GET /internal/external-context/2026-04-21 [request-id: D00982F3-34DF-4A9E-973C-FE0A59172955]
[ INFO ] GET /internal/external-context/2026-04-21 [request-id: 4464B5CE-5002-444E-AB3D-01CD6F78B64D]
[ INFO ] GET /internal/external-context/2026-04-21 [request-id: E6878B44-E24C-45E2-B93E-670D98043D06]
[ INFO ] GET /internal/external-context/2026-04-21 [request-id: 2E104978-A06B-45B0-83F9-7B4FE8AE6141]
[ INFO ] GET /internal/external-context/2026-04-22 [request-id: E8BBAB17-5520-4C4C-A4D8-F223AE6359A5]
[ INFO ] GET /internal/external-context/2026-04-22 [request-id: 8D87AEB3-80E7-4201-98B1-732F1D851497]
[ INFO ] GET /internal/external-context/2026-04-22 [request-id: 4D06E178-A8AE-4D9D-A073-5370B75C7EF4]
[ INFO ] GET /internal/external-context/2026-04-22 [request-id: A9B33EBE-F3A4-40F0-9678-D073B39A80EC]
[ INFO ] GET /internal/external-context/2026-04-22 [request-id: 00C52133-26F3-4C09-9747-4592A9F9F42B]
[ INFO ] GET /internal/external-context/2026-04-22 [request-id: 52D79852-F4F8-46E6-A035-1080E1B6A3EC]
[ INFO ] GET /internal/external-context/2026-04-22 [request-id: A0E6A06A-8031-4833-833E-FCEE0C73B372]
[ INFO ] GET /internal/external-context/2026-04-27 [request-id: BB7CF51A-0B71-4B97-8EB1-F5F34811C1E2]
[ INFO ] GET /internal/external-context/2026-04-27 [request-id: C3D9BC26-ECDC-4559-AC3C-9A9A435DEBB3]
[ INFO ] GET /internal/external-context/2026-04-27 [request-id: 78464CB2-5A3F-4AE9-891B-9640193366FE]
[ WARNING ] Abort.401: Invalid authorization token [request-id: 78464CB2-5A3F-4AE9-891B-9640193366FE]
[ INFO ] GET /internal/external-context/2026-04-27 [request-id: A6BB2EE5-F75E-476C-877B-6D7FBE274403]
